Searching for bin, obj and Generated folders in: <wt>\src\core
Found 347 folders to delete.
-Force: proceeding without confirmation.
Removing: bufio\bin - Success
Removing: bufio\Generated - Success
Removing: bufio\obj - Success
Removing: bytes\bin - Success
Removing: bytes\Generated - Success
Removing: bytes\obj - Success
Removing: cmp\bin - Success
Removing: cmp\Generated - Success
Removing: cmp\obj - Success
Removing: compress\bzip2\bin - Success
Removing: compress\bzip2\Generated - Success
Removing: compress\bzip2\obj - Success
Removing: context\bin - Success
Removing: context\Generated - Success
Removing: context\obj - Success
Removing: encoding\base64\bin - Success
Removing: encoding\base64\Generated - Success
Removing: encoding\base64\obj - Success
Removing: encoding\bin - Success
Removing: encoding\binary\bin - Success
Removing: encoding\binary\Generated - Success
Removing: encoding\binary\obj - Success
Removing: encoding\Generated - Success
Removing: encoding\gob\bin - Success
Removing: encoding\gob\Generated - Success
Removing: encoding\gob\obj - Success
Removing: encoding\json\bin - Success
Removing: encoding\json\Generated - Success
Removing: encoding\json\obj - Success
Removing: encoding\obj - Success
Removing: errors\bin - Success
Removing: errors\Generated - Success
Removing: errors\obj - Success
Removing: flag\bin - Success
Removing: flag\Generated - Success
Removing: flag\obj - Success
Removing: fmt\bin - Success
Removing: fmt\Generated - Success
Removing: fmt\obj - Success
Removing: go\ast\bin - Success
Removing: go\ast\Generated - Success
Removing: go\ast\obj - Success
Removing: go\build\constraint\bin - Success
Removing: go\build\constraint\Generated - Success
Removing: go\build\constraint\obj - Success
Removing: go\doc\bin - Success
Removing: go\doc\comment\bin - Success
Removing: go\doc\comment\Generated - Success
Removing: go\doc\comment\obj - Success
Removing: go\doc\Generated - Success
Removing: go\doc\obj - Success
Removing: go\format\bin - Success
Removing: go\format\Generated - Success
Removing: go\format\obj - Success
Removing: go\parser\bin - Success
Removing: go\parser\Generated - Success
Removing: go\parser\obj - Success
Removing: go\printer\bin - Success
Removing: go\printer\Generated - Success
Removing: go\printer\obj - Success
Removing: go\scanner\bin - Success
Removing: go\scanner\Generated - Success
Removing: go\scanner\obj - Success
Removing: go\token\bin - Success
Removing: go\token\Generated - Success
Removing: go\token\obj - Success
Removing: golib\bin - Success
Removing: golib\obj - Success
Removing: internal\abi\bin - Success
Removing: internal\abi\Generated - Success
Removing: internal\abi\obj - Success
Removing: internal\asan\bin - Success
Removing: internal\asan\Generated - Success
Removing: internal\asan\obj - Success
Removing: internal\bisect\bin - Success
Removing: internal\bisect\Generated - Success
Removing: internal\bisect\obj - Success
Removing: internal\bytealg\bin - Success
Removing: internal\bytealg\Generated - Success
Removing: internal\bytealg\obj - Success
Removing: internal\byteorder\bin - Success
Removing: internal\byteorder\Generated - Success
Removing: internal\byteorder\obj - Success
Removing: internal\cfg\bin - Success
Removing: internal\cfg\Generated - Success
Removing: internal\cfg\obj - Success
Removing: internal\chacha8rand\bin - Success
Removing: internal\chacha8rand\Generated - Success
Removing: internal\chacha8rand\obj - Success
Removing: internal\coverage\rtcov\bin - Success
Removing: internal\coverage\rtcov\Generated - Success
Removing: internal\coverage\rtcov\obj - Success
Removing: internal\cpu\bin - Success
Removing: internal\cpu\Generated - Success
Removing: internal\cpu\obj - Success
Removing: internal\diff\bin - Success
Removing: internal\diff\Generated - Success
Removing: internal\diff\obj - Success
Removing: internal\filepathlite\bin - Success
Removing: internal\filepathlite\Generated - Success
Removing: internal\filepathlite\obj - Success
Removing: internal\fmtsort\bin - Success
Removing: internal\fmtsort\Generated - Success
Removing: internal\fmtsort\obj - Success
Removing: internal\goarch\bin - Success
Removing: internal\goarch\Generated - Success
Removing: internal\goarch\obj - Success
Removing: internal\godebug\bin - Success
Removing: internal\godebug\Generated - Success
Removing: internal\godebug\obj - Success
Removing: internal\godebugs\bin - Success
Removing: internal\godebugs\Generated - Success
Removing: internal\godebugs\obj - Success
Removing: internal\goexperiment\bin - Success
Removing: internal\goexperiment\Generated - Success
Removing: internal\goexperiment\obj - Success
Removing: internal\goos\bin - Success
Removing: internal\goos\Generated - Success
Removing: internal\goos\obj - Success
Removing: internal\itoa\bin - Success
Removing: internal\itoa\Generated - Success
Removing: internal\itoa\obj - Success
Removing: internal\lazyregexp\bin - Success
Removing: internal\lazyregexp\Generated - Success
Removing: internal\lazyregexp\obj - Success
Removing: internal\msan\bin - Success
Removing: internal\msan\Generated - Success
Removing: internal\msan\obj - Success
Removing: internal\oserror\bin - Success
Removing: internal\oserror\Generated - Success
Removing: internal\oserror\obj - Success
Removing: internal\platform\bin - Success
Removing: internal\platform\Generated - Success
Removing: internal\platform\obj - Success
Removing: internal\poll\bin - Success
Removing: internal\poll\Generated - Success
Removing: internal\poll\obj - Success
Removing: internal\profilerecord\bin - Success
Removing: internal\profilerecord\Generated - Success
Removing: internal\profilerecord\obj - Success
Removing: internal\race\bin - Success
Removing: internal\race\Generated - Success
Removing: internal\race\obj - Success
Removing: internal\reflectlite\bin - Success
Removing: internal\reflectlite\Generated - Success
Removing: internal\reflectlite\obj - Success
Removing: internal\runtime\atomic\bin - Success
Removing: internal\runtime\atomic\Generated - Success
Removing: internal\runtime\atomic\obj - Success
Removing: internal\runtime\exithook\bin - Success
Removing: internal\runtime\exithook\Generated - Success
Removing: internal\runtime\exithook\obj - Success
Removing: internal\runtime\maps\bin - Success
Removing: internal\runtime\maps\Generated - Success
Removing: internal\runtime\maps\obj - Success
Removing: internal\runtime\math\bin - Success
Removing: internal\runtime\math\Generated - Success
Removing: internal\runtime\math\obj - Success
Removing: internal\runtime\sys\bin - Success
Removing: internal\runtime\sys\Generated - Success
Removing: internal\runtime\sys\obj - Success
Removing: internal\saferio\bin - Success
Removing: internal\saferio\Generated - Success
Removing: internal\saferio\obj - Success
Removing: internal\stringslite\bin - Success
Removing: internal\stringslite\Generated - Success
Removing: internal\stringslite\obj - Success
Removing: internal\sync\bin - Success
Removing: internal\sync\Generated - Success
Removing: internal\sync\obj - Success
Removing: internal\syscall\execenv\bin - Success
Removing: internal\syscall\execenv\Generated - Success
Removing: internal\syscall\execenv\obj - Success
Removing: internal\syscall\windows\bin - Success
Removing: internal\syscall\windows\Generated - Success
Removing: internal\syscall\windows\obj - Success
Removing: internal\syscall\windows\registry\bin - Success
Removing: internal\syscall\windows\registry\Generated - Success
Removing: internal\syscall\windows\registry\obj - Success
Removing: internal\syscall\windows\sysdll\bin - Success
Removing: internal\syscall\windows\sysdll\Generated - Success
Removing: internal\syscall\windows\sysdll\obj - Success
Removing: internal\testenv\bin - Success
Removing: internal\testenv\Generated - Success
Removing: internal\testenv\obj - Success
Removing: internal\testlog\bin - Success
Removing: internal\testlog\Generated - Success
Removing: internal\testlog\obj - Success
Removing: internal\unsafeheader\bin - Success
Removing: internal\unsafeheader\Generated - Success
Removing: internal\unsafeheader\obj - Success
Removing: io\bin - Success
Removing: io\fs\bin - Success
Removing: io\fs\Generated - Success
Removing: io\fs\obj - Success
Removing: io\Generated - Success
Removing: io\obj - Success
Removing: iter\bin - Success
Removing: iter\Generated - Success
Removing: iter\obj - Success
Removing: log\bin - Success
Removing: log\Generated - Success
Removing: log\internal\bin - Success
Removing: log\internal\Generated - Success
Removing: log\internal\obj - Success
Removing: log\obj - Success
Removing: log\slog\bin - Success
Removing: log\slog\Generated - Success
Removing: log\slog\internal\bin - Success
Removing: log\slog\internal\buffer\bin - Success
Removing: log\slog\internal\buffer\Generated - Success
Removing: log\slog\internal\buffer\obj - Success
Removing: log\slog\internal\Generated - Success
Removing: log\slog\internal\obj - Success
Removing: log\slog\obj - Success
Removing: maps\bin - Success
Removing: maps\Generated - Success
Removing: maps\obj - Success
Removing: math\big\bin - Success
Removing: math\big\Generated - Success
Removing: math\big\obj - Success
Removing: math\bin - Success
Removing: math\bits\bin - Success
Removing: math\bits\Generated - Success
Removing: math\bits\obj - Success
Removing: math\cmplx\bin - Success
Removing: math\cmplx\Generated - Success
Removing: math\cmplx\obj - Success
Removing: math\Generated - Success
Removing: math\obj - Success
Removing: math\rand\bin - Success
Removing: math\rand\Generated - Success
Removing: math\rand\obj - Success
Removing: math\rand\v2\bin - Success
Removing: math\rand\v2\Generated - Success
Removing: math\rand\v2\obj - Success
Removing: net\netip\bin - Success
Removing: net\netip\Generated - Success
Removing: net\netip\obj - Success
Removing: net\url\bin - Success
Removing: net\url\Generated - Success
Removing: net\url\obj - Success
Removing: os\bin - Success
Removing: os\exec\bin - Success
Removing: os\exec\Generated - Success
Removing: os\exec\obj - Success
Removing: os\Generated - Success
Removing: os\obj - Success
Removing: path\bin - Success
Removing: path\filepath\bin - Success
Removing: path\filepath\Generated - Success
Removing: path\filepath\obj - Success
Removing: path\Generated - Success
Removing: path\obj - Success
Removing: plugin\bin - Success
Removing: plugin\Generated - Success
Removing: plugin\obj - Success
Removing: reflect\bin - Success
Removing: reflect\Generated - Success
Removing: reflect\obj - Success
Removing: regexp\bin - Success
Removing: regexp\Generated - Success
Removing: regexp\obj - Success
Removing: regexp\syntax\bin - Success
Removing: regexp\syntax\Generated - Success
Removing: regexp\syntax\obj - Success
Removing: runtime\bin - Success
Removing: runtime\debug\bin - Success
Removing: runtime\debug\Generated - Success
Removing: runtime\debug\obj - Success
Removing: runtime\Generated - Success
Removing: runtime\metrics\bin - Success
Removing: runtime\metrics\Generated - Success
Removing: runtime\metrics\obj - Success
Removing: runtime\obj - Success
Removing: slices\bin - Success
Removing: slices\Generated - Success
Removing: slices\obj - Success
Removing: sort\bin - Success
Removing: sort\Generated - Success
Removing: sort\obj - Success
Removing: strconv\bin - Success
Removing: strconv\Generated - Success
Removing: strconv\obj - Success
Removing: strings\bin - Success
Removing: strings\Generated - Success
Removing: strings\obj - Success
Removing: sync\atomic\bin - Success
Removing: sync\atomic\Generated - Success
Removing: sync\atomic\obj - Success
Removing: sync\bin - Success
Removing: sync\Generated - Success
Removing: sync\obj - Success
Removing: syscall\bin - Success
Removing: syscall\Generated - Success
Removing: syscall\obj - Success
Removing: testing\bin - Success
Removing: testing\fstest\bin - Success
Removing: testing\fstest\Generated - Success
Removing: testing\fstest\obj - Success
Removing: testing\Generated - Success
Removing: testing\iotest\bin - Success
Removing: testing\iotest\Generated - Success
Removing: testing\iotest\obj - Success
Removing: testing\obj - Success
Removing: testing\quick\bin - Success
Removing: testing\quick\Generated - Success
Removing: testing\quick\obj - Success
Removing: testing\slogtest\bin - Success
Removing: testing\slogtest\Generated - Success
Removing: testing\slogtest\obj - Success
Removing: text\scanner\bin - Success
Removing: text\scanner\Generated - Success
Removing: text\scanner\obj - Success
Removing: text\tabwriter\bin - Success
Removing: text\tabwriter\Generated - Success
Removing: text\tabwriter\obj - Success
Removing: text\template\bin - Success
Removing: text\template\Generated - Success
Removing: text\template\obj - Success
Removing: text\template\parse\bin - Success
Removing: text\template\parse\Generated - Success
Removing: text\template\parse\obj - Success
Removing: time\bin - Success
Removing: time\Generated - Success
Removing: time\obj - Success
Removing: time\tzdata\bin - Success
Removing: time\tzdata\Generated - Success
Removing: time\tzdata\obj - Success
Removing: unicode\bin - Success
Removing: unicode\Generated - Success
Removing: unicode\obj - Success
Removing: unicode\utf16\bin - Success
Removing: unicode\utf16\Generated - Success
Removing: unicode\utf16\obj - Success
Removing: unicode\utf8\bin - Success
Removing: unicode\utf8\Generated - Success
Removing: unicode\utf8\obj - Success
Removing: unique\bin - Success
Removing: unique\Generated - Success
Removing: unique\obj - Success
Removing: unsafe\bin - Success
Removing: unsafe\Generated - Success
Removing: unsafe\obj - Success
Removing: weak\bin - Success
Removing: weak\Generated - Success
Removing: weak\obj - Success

Cleanup Summary:
Folders found: 347
Folders removed: 347

Cleanup completed!
