warning: in the working copy of 'src/core/crypto/tls/fips_test.cs', LF will be replaced by CRLF the next time Git touches it
warning: in the working copy of 'src/core/crypto/tls/handshake_client_test.cs', LF will be replaced by CRLF the next time Git touches it
warning: in the working copy of 'src/core/crypto/tls/handshake_server_test.cs', LF will be replaced by CRLF the next time Git touches it
warning: in the working copy of 'src/core/crypto/tls/handshake_test.cs', LF will be replaced by CRLF the next time Git touches it
warning: in the working copy of 'src/core/crypto/tls/key_schedule_test.cs', LF will be replaced by CRLF the next time Git touches it
warning: in the working copy of 'src/core/crypto/tls/link_test.cs', LF will be replaced by CRLF the next time Git touches it
warning: in the working copy of 'src/core/crypto/tls/tls_test.cs', LF will be replaced by CRLF the next time Git touches it
warning: in the working copy of 'src/core/crypto/tls/fips_test.cs', LF will be replaced by CRLF the next time Git touches it
warning: in the working copy of 'src/core/crypto/tls/handshake_client_test.cs', LF will be replaced by CRLF the next time Git touches it
warning: in the working copy of 'src/core/crypto/tls/handshake_server_test.cs', LF will be replaced by CRLF the next time Git touches it
warning: in the working copy of 'src/core/crypto/tls/handshake_test.cs', LF will be replaced by CRLF the next time Git touches it
warning: in the working copy of 'src/core/crypto/tls/key_schedule_test.cs', LF will be replaced by CRLF the next time Git touches it
warning: in the working copy of 'src/core/crypto/tls/link_test.cs', LF will be replaced by CRLF the next time Git touches it
warning: in the working copy of 'src/core/crypto/tls/tls_test.cs', LF will be replaced by CRLF the next time Git touches it
warning: in the working copy of 'src/core/internal/platform/zosarch_test.cs', LF will be replaced by CRLF the next time Git touches it
warning: in the working copy of 'src/core/internal/platform/zosarch_test.cs', LF will be replaced by CRLF the next time Git touches it
warning: in the working copy of 'src/core/internal/runtime/atomic/doc.cs', LF will be replaced by CRLF the next time Git touches it
warning: in the working copy of 'src/core/internal/runtime/atomic/doc.cs', LF will be replaced by CRLF the next time Git touches it
warning: in the working copy of 'src/core/internal/runtime/maps/table_debug.cs', LF will be replaced by CRLF the next time Git touches it
warning: in the working copy of 'src/core/internal/runtime/maps/table_debug.cs', LF will be replaced by CRLF the next time Git touches it
warning: in the working copy of 'src/core/iter/iter.cs', LF will be replaced by CRLF the next time Git touches it
warning: in the working copy of 'src/core/iter/iter.cs', LF will be replaced by CRLF the next time Git touches it
warning: in the working copy of 'src/core/log/slog/doc.cs', LF will be replaced by CRLF the next time Git touches it
warning: in the working copy of 'src/core/log/slog/doc.cs', LF will be replaced by CRLF the next time Git touches it
warning: in the working copy of 'src/core/math/big/doc.cs', LF will be replaced by CRLF the next time Git touches it
warning: in the working copy of 'src/core/math/big/link_test.cs', LF will be replaced by CRLF the next time Git touches it
warning: in the working copy of 'src/core/math/big/prime.cs', LF will be replaced by CRLF the next time Git touches it
warning: in the working copy of 'src/core/math/big/prime_test.cs', LF will be replaced by CRLF the next time Git touches it
warning: in the working copy of 'src/core/math/big/doc.cs', LF will be replaced by CRLF the next time Git touches it
warning: in the working copy of 'src/core/math/big/link_test.cs', LF will be replaced by CRLF the next time Git touches it
warning: in the working copy of 'src/core/math/big/prime.cs', LF will be replaced by CRLF the next time Git touches it
warning: in the working copy of 'src/core/math/big/prime_test.cs', LF will be replaced by CRLF the next time Git touches it
warning: in the working copy of 'src/core/mime/mediatype_test.cs', LF will be replaced by CRLF the next time Git touches it
warning: in the working copy of 'src/core/mime/mediatype_test.cs', LF will be replaced by CRLF the next time Git touches it
warning: in the working copy of 'src/core/mime/multipart/formdata_test.cs', LF will be replaced by CRLF the next time Git touches it
warning: in the working copy of 'src/core/mime/multipart/multipart.cs', LF will be replaced by CRLF the next time Git touches it
warning: in the working copy of 'src/core/mime/multipart/multipart_test.cs', LF will be replaced by CRLF the next time Git touches it
warning: in the working copy of 'src/core/mime/multipart/formdata_test.cs', LF will be replaced by CRLF the next time Git touches it
warning: in the working copy of 'src/core/mime/multipart/multipart.cs', LF will be replaced by CRLF the next time Git touches it
warning: in the working copy of 'src/core/mime/multipart/multipart_test.cs', LF will be replaced by CRLF the next time Git touches it
warning: in the working copy of 'src/core/mime/quotedprintable/reader_test.cs', LF will be replaced by CRLF the next time Git touches it
warning: in the working copy of 'src/core/mime/quotedprintable/reader_test.cs', LF will be replaced by CRLF the next time Git touches it
warning: in the working copy of 'src/core/net/http/cgi/host_test.cs', LF will be replaced by CRLF the next time Git touches it
warning: in the working copy of 'src/core/net/http/cgi/host_test.cs', LF will be replaced by CRLF the next time Git touches it
warning: in the working copy of 'src/core/net/http/httputil/dump_test.cs', LF will be replaced by CRLF the next time Git touches it
warning: in the working copy of 'src/core/net/http/httputil/dump_test.cs', LF will be replaced by CRLF the next time Git touches it
warning: in the working copy of 'src/core/net/mail/message.cs', LF will be replaced by CRLF the next time Git touches it
warning: in the working copy of 'src/core/net/mail/message_test.cs', LF will be replaced by CRLF the next time Git touches it
warning: in the working copy of 'src/core/net/mail/message.cs', LF will be replaced by CRLF the next time Git touches it
warning: in the working copy of 'src/core/net/mail/message_test.cs', LF will be replaced by CRLF the next time Git touches it
warning: in the working copy of 'src/core/net/rpc/debug.cs', LF will be replaced by CRLF the next time Git touches it
warning: in the working copy of 'src/core/net/rpc/server.cs', LF will be replaced by CRLF the next time Git touches it
warning: in the working copy of 'src/core/net/rpc/debug.cs', LF will be replaced by CRLF the next time Git touches it
warning: in the working copy of 'src/core/net/rpc/server.cs', LF will be replaced by CRLF the next time Git touches it
warning: in the working copy of 'src/core/net/smtp/smtp_test.cs', LF will be replaced by CRLF the next time Git touches it
warning: in the working copy of 'src/core/net/smtp/smtp_test.cs', LF will be replaced by CRLF the next time Git touches it
warning: in the working copy of 'src/core/net/textproto/reader.cs', LF will be replaced by CRLF the next time Git touches it
warning: in the working copy of 'src/core/net/textproto/reader_test.cs', LF will be replaced by CRLF the next time Git touches it
warning: in the working copy of 'src/core/net/textproto/reader.cs', LF will be replaced by CRLF the next time Git touches it
warning: in the working copy of 'src/core/net/textproto/reader_test.cs', LF will be replaced by CRLF the next time Git touches it
warning: in the working copy of 'src/core/os/signal/doc.cs', LF will be replaced by CRLF the next time Git touches it
warning: in the working copy of 'src/core/os/signal/signal_windows_test.cs', LF will be replaced by CRLF the next time Git touches it
warning: in the working copy of 'src/core/os/signal/doc.cs', LF will be replaced by CRLF the next time Git touches it
warning: in the working copy of 'src/core/os/signal/signal_windows_test.cs', LF will be replaced by CRLF the next time Git touches it
warning: in the working copy of 'src/core/os/user/user.cs', LF will be replaced by CRLF the next time Git touches it
warning: in the working copy of 'src/core/os/user/user.cs', LF will be replaced by CRLF the next time Git touches it
warning: in the working copy of 'src/core/regexp/syntax/doc.cs', LF will be replaced by CRLF the next time Git touches it
warning: in the working copy of 'src/core/regexp/syntax/prog_test.cs', LF will be replaced by CRLF the next time Git touches it
warning: in the working copy of 'src/core/regexp/syntax/doc.cs', LF will be replaced by CRLF the next time Git touches it
warning: in the working copy of 'src/core/regexp/syntax/prog_test.cs', LF will be replaced by CRLF the next time Git touches it
warning: in the working copy of 'src/core/runtime/debug/mod_test.cs', LF will be replaced by CRLF the next time Git touches it
warning: in the working copy of 'src/core/runtime/debug/stack_test.cs', LF will be replaced by CRLF the next time Git touches it
warning: in the working copy of 'src/core/runtime/debug/mod_test.cs', LF will be replaced by CRLF the next time Git touches it
warning: in the working copy of 'src/core/runtime/debug/stack_test.cs', LF will be replaced by CRLF the next time Git touches it
warning: in the working copy of 'src/core/runtime/metrics/doc.cs', LF will be replaced by CRLF the next time Git touches it
warning: in the working copy of 'src/core/runtime/metrics/doc.cs', LF will be replaced by CRLF the next time Git touches it
warning: in the working copy of 'src/core/strings/replace_test.cs', LF will be replaced by CRLF the next time Git touches it
warning: in the working copy of 'src/core/strings/replace_test.cs', LF will be replaced by CRLF the next time Git touches it
warning: in the working copy of 'src/core/syscall/syscall_windows_test.cs', LF will be replaced by CRLF the next time Git touches it
warning: in the working copy of 'src/core/syscall/windows/security_windows.cs.auto', LF will be replaced by CRLF the next time Git touches it
warning: in the working copy of 'src/core/syscall/syscall_windows_test.cs', LF will be replaced by CRLF the next time Git touches it
warning: in the working copy of 'src/core/syscall/windows/security_windows.cs.auto', LF will be replaced by CRLF the next time Git touches it
warning: in the working copy of 'src/core/testing/helper_test.cs', LF will be replaced by CRLF the next time Git touches it
warning: in the working copy of 'src/core/testing/panic_test.cs', LF will be replaced by CRLF the next time Git touches it
warning: in the working copy of 'src/core/testing/testing_test.cs', LF will be replaced by CRLF the next time Git touches it
warning: in the working copy of 'src/core/testing/helper_test.cs', LF will be replaced by CRLF the next time Git touches it
warning: in the working copy of 'src/core/testing/panic_test.cs', LF will be replaced by CRLF the next time Git touches it
warning: in the working copy of 'src/core/testing/testing_test.cs', LF will be replaced by CRLF the next time Git touches it
warning: in the working copy of 'src/core/testing/fstest/mapfs_test.cs', LF will be replaced by CRLF the next time Git touches it
warning: in the working copy of 'src/core/testing/fstest/mapfs_test.cs', LF will be replaced by CRLF the next time Git touches it
warning: in the working copy of 'src/core/text/tabwriter/tabwriter_test.cs', LF will be replaced by CRLF the next time Git touches it
warning: in the working copy of 'src/core/text/tabwriter/tabwriter_test.cs', LF will be replaced by CRLF the next time Git touches it
warning: in the working copy of 'src/core/text/template/doc.cs', LF will be replaced by CRLF the next time Git touches it
warning: in the working copy of 'src/core/text/template/exec_test.cs', LF will be replaced by CRLF the next time Git touches it
warning: in the working copy of 'src/core/text/template/link_test.cs', LF will be replaced by CRLF the next time Git touches it
warning: in the working copy of 'src/core/text/template/multi_test.cs', LF will be replaced by CRLF the next time Git touches it
warning: in the working copy of 'src/core/text/template/doc.cs', LF will be replaced by CRLF the next time Git touches it
warning: in the working copy of 'src/core/text/template/exec_test.cs', LF will be replaced by CRLF the next time Git touches it
warning: in the working copy of 'src/core/text/template/link_test.cs', LF will be replaced by CRLF the next time Git touches it
warning: in the working copy of 'src/core/text/template/multi_test.cs', LF will be replaced by CRLF the next time Git touches it
warning: in the working copy of 'src/core/text/template/parse/parse_test.cs', LF will be replaced by CRLF the next time Git touches it
warning: in the working copy of 'src/core/text/template/parse/parse_test.cs', LF will be replaced by CRLF the next time Git touches it
warning: in the working copy of 'src/core/unique/doc.cs', LF will be replaced by CRLF the next time Git touches it
warning: in the working copy of 'src/core/unique/doc.cs', LF will be replaced by CRLF the next time Git touches it
warning: in the working copy of 'src/core/weak/doc.cs', LF will be replaced by CRLF the next time Git touches it
warning: in the working copy of 'src/core/weak/doc.cs', LF will be replaced by CRLF the next time Git touches it
